Linux kernel x86 boot executable, bzImage, version 3.1.5-1.fc16.x86_64 (mockbuild@x86-05.phx2.fedoraproject.org) #1 SMP Fri Dec 9 18:11:10 UTC 2011, RO-rootFS, Normal VGA, setup size 512*33, syssize 0x45693, jump 0x264 0x8cd88ec0fc8cd239 instruction, protocol 2.10, from protected-mode code at offset 0x269 0x451c3a bytes gzip compressed, relocatable, max cmdline size 2047, init_size 0x108b000
