Composite Document File V2 Document, Little Endian, Os: Windows, Version 5.1, Code page: 1250, Title: Installation Database, Subject: Acme's Foobar 1.0 Installer, Author: Acme Ltd., Keywords: Installer, Comments: Foobar is a registered trademark of Acme Ltd., Create Time/Date: Mon Mar 24 12:02:34 2014, Name of Creating Application: Windows Installer XML Toolset (3.8.1128.0), Security: 4, Template: Intel;1033, Last Saved By: Intel;1033, Revision Number: {26FB1AB6-7195-4B92-9751-F1B6226CBA34}1.0.0;{26FB1AB6-7195-4B92-9751-F1B6226CBA34}1.0.0;{3F2782EF-47A2-4602-B6B4-4ECD17E98294}, Number of Pages: 100, Number of Characters: 131135
