MS Windows shortcut, Item id list present, Points to a file or directory, Has Relative path, Unicoded, MachineID MY-WINDOWS-HOST, EnableTargetMetadata, Directory, ctime=Fri Feb 17 14:01:13 2012, atime=Tue Mar 11 11:55:57 2014, mtime=Tue Mar 11 11:55:57 2014, length=4096, window=normal, IDListSize 0x0079, Root folder "20D04FE0-3AEA-1069-A2D8-08002B30309D", Volume "C:\", LocalBasePath "C:\Temp"
