Composite Document File V2 Document, Little Endian, Os: Windows, Version 6.1, Code page: 1252, Author: schulung, Template: word_document.dot, Last Saved By: schulung, Revision Number: 2, Name of Creating Application: Microsoft Office Word, Create Time/Date: Fri Mar 11 10:27:00 2016, Last Saved Time/Date: Fri Mar 11 10:27:00 2016, Number of Pages: 1, Number of Words: 33, Number of Characters: 210, Security: 0
