Composite Document File V2 Document, Little Endian, Os: Windows, Version 6.1, Code page: 1252, Title: Prsentation, Author: schulung, Last Saved By: schulung, Revision Number: 4, Name of Creating Application: Microsoft Office PowerPoint, Create Time/Date: Fri Mar 11 10:34:10 2016, Last Saved Time/Date: Fri Mar 11 12:42:52 2016, Number of Words: 26
