Composite Document File V2 Document, Little Endian, Os: Windows, Version 6.1, Code page: 1252, Author: user, Template: Normal.dotm, Last Saved By: user, Revision Number: 2, Name of Creating Application: Microsoft Office Word, Create Time/Date: Wed Oct 17 13:27:00 2018, Last Saved Time/Date: Wed Oct 17 13:27:00 2018, Number of Pages: 1, Number of Words: 6, Number of Characters: 42, Security: 1
