Composite Document File V2 Document, Little Endian, Os: Windows, Version 5.1, Code page: 1252, Author: Bekrar, Template: Normal.dot, Last Saved By: Bekrar, Revision Number: 2, Name of Creating Application: Microsoft Office Word, Total Editing Time: 01:00, Create Time/Date: Tue Aug 16 10:51:00 2005, Last Saved Time/Date: Tue Aug 16 11:02:00 2005, Number of Pages: 2, Number of Words: 646, Number of Characters: 3555, Security: 0
