Composite Document File V2 Document, Little Endian, Os: Windows, Version 5.1, Code page: 1252, Title: Installation Database, Subject: Acme's Foobar 1.0 Installer, Author: Acme Ltd., Keywords: Installer, Comments: Foobar is a registered trademark of Acme Ltd., Create Time/Date: Mon Mar 24 11:33:32 2014, Name of Creating Application: Windows Installer XML Toolset (3.8.1128.0), Security: 4, Template: Intel;1033, Last Saved By: Intel;1033, Revision Number: {3D9F6ADC-CBB9-4EE4-949F-CA8BCFDB8255}1.0.0;{3D9F6ADC-CBB9-4EE4-949F-CA8BCFDB8255}1.0.0;{11799D66-3206-495E-AA87-901734ECDAEA}, Number of Pages: 100, Number of Characters: 153223199
