Composite Document File V2 Document, Little Endian, Os: Windows, Version 5.1, Code page: 0, Title: Foobar 1.0.1 Patch, Subject: Small Update Patch, Author: Acme Ltd., Comments: Foobar 1.0.1 Patch, Template: {3D9F6ADC-CBB9-4EE4-949F-CA8BCFDB8255}, Last Saved By: :Sample.1;:#Sample.1, Revision Number: {0B607C62-DD6D-4AB4-B461-9133DB806A6E}, Create Time/Date: Mon Mar 24 11:35:10 2014, Last Saved Time/Date: Mon Mar 24 11:35:10 2014, Number of Words: 5, Name of Creating Application: Windows Installer XML Toolset (3.8.1128.0), Security: 4
